17:07:54 **** Incremental Build of configuration Debug for project 11_SysTick_delay ****
make -j4 all 
arm-none-eabi-gcc "../Src/main.c" -mcpu=cortex-m0plus -std=gnu11 -g3 -DDEBUG -DSTM32 -DSTM32L073RZTx -DSTM32L0 -c -I../Inc -I"D:/Nucleo_Workspace/STM32L0_headers/CMSIS/Device/ST/STM32L0xx/Include" -I"D:/Nucleo_Workspace/STM32L0_headers/CMSIS/Include" -O0 -ffunction-sections -fdata-sections -Wall -fstack-usage -fcyclomatic-complexity -MMD -MP -MF"Src/main.d" -MT"Src/main.o" --specs=nano.specs -mfloat-abi=soft -mthumb -o "Src/main.o"
arm-none-eabi-gcc -o "11_SysTick_delay.elf" @"objects.list"   -mcpu=cortex-m0plus -T"D:\Nucleo_Workspace\11_SysTick_delay\STM32L073RZTX_FLASH.ld" --specs=nosys.specs -Wl,-Map="11_SysTick_delay.map" -Wl,--gc-sections -static --specs=nano.specs -mfloat-abi=soft -mthumb -Wl,--start-group -lc -lm -Wl,--end-group
Finished building target: 11_SysTick_delay.elf
 
arm-none-eabi-size   11_SysTick_delay.elf 
arm-none-eabi-objdump -h -S  11_SysTick_delay.elf  > "11_SysTick_delay.list"
   text	   data	    bss	    dec	    hex	filename
   6136	    108	   1588	   7832	   1e98	11_SysTick_delay.elf
Finished building: default.size.stdout
 
Finished building: 11_SysTick_delay.list
 

17:07:55 Build Finished. 0 errors, 0 warnings. (took 489ms)

