02:45:31 **** Incremental Build of configuration Debug for project 1_LED_toggle_addr_struct ****
make -j4 all 
arm-none-eabi-gcc "../Src/main.c" -mcpu=cortex-m0plus -std=gnu11 -g3 -DDEBUG -DSTM32 -DSTM32L073RZTx -DSTM32L0 -c -I../Inc -O0 -ffunction-sections -fdata-sections -Wall -fstack-usage -fcyclomatic-complexity -MMD -MP -MF"Src/main.d" -MT"Src/main.o" --specs=nano.specs -mfloat-abi=soft -mthumb -o "Src/main.o"
arm-none-eabi-gcc -o "1_LED_toggle_addr_struct.elf" @"objects.list"   -mcpu=cortex-m0plus -T"D:\Nucleo_Workspace\1_LED_toggle_addr_struct\STM32L073RZTX_FLASH.ld" --specs=nosys.specs -Wl,-Map="1_LED_toggle_addr_struct.map" -Wl,--gc-sections -static --specs=nano.specs -mfloat-abi=soft -mthumb -Wl,--start-group -lc -lm -Wl,--end-group
Finished building target: 1_LED_toggle_addr_struct.elf
 
arm-none-eabi-size   1_LED_toggle_addr_struct.elf 
arm-none-eabi-objdump -h -S  1_LED_toggle_addr_struct.elf  > "1_LED_toggle_addr_struct.list"
   text	   data	    bss	    dec	    hex	filename
    604	      8	   1568	   2180	    884	1_LED_toggle_addr_struct.elf
Finished building: default.size.stdout
 
Finished building: 1_LED_toggle_addr_struct.list
 

02:45:31 Build Finished. 0 errors, 0 warnings. (took 793ms)

