02:38:50 **** Incremental Build of configuration Debug for project 4_GPIO_input ****
make -j4 all 
arm-none-eabi-gcc "../Src/main.c" -mcpu=cortex-m0plus -std=gnu11 -g3 -DDEBUG -DSTM32 -DSTM32L073RZTx -DSTM32L0 -c -I../Inc -I"D:/Nucleo_Workspace/STM32L0_headers/CMSIS/Device/ST/STM32L0xx/Include" -I"D:/Nucleo_Workspace/STM32L0_headers/CMSIS/Include" -O0 -ffunction-sections -fdata-sections -Wall -fstack-usage -fcyclomatic-complexity -MMD -MP -MF"Src/main.d" -MT"Src/main.o" --specs=nano.specs -mfloat-abi=soft -mthumb -o "Src/main.o"
arm-none-eabi-gcc -o "4_GPIO_input.elf" @"objects.list"   -mcpu=cortex-m0plus -T"D:\Nucleo_Workspace\4_GPIO_input\STM32L073RZTX_FLASH.ld" --specs=nosys.specs -Wl,-Map="4_GPIO_input.map" -Wl,--gc-sections -static --specs=nano.specs -mfloat-abi=soft -mthumb -Wl,--start-group -lc -lm -Wl,--end-group
Finished building target: 4_GPIO_input.elf
 
arm-none-eabi-size   4_GPIO_input.elf 
arm-none-eabi-objdump -h -S  4_GPIO_input.elf  > "4_GPIO_input.list"
   text	   data	    bss	    dec	    hex	filename
    600	      8	   1568	   2176	    880	4_GPIO_input.elf
Finished building: default.size.stdout
 
Finished building: 4_GPIO_input.list
 

02:38:50 Build Finished. 0 errors, 0 warnings. (took 479ms)

