16:32:41 **** Incremental Build of configuration Debug for project 9_ADC_single_conversion ****
make -j4 all 
arm-none-eabi-gcc "../Src/main.c" -mcpu=cortex-m0plus -std=gnu11 -g3 -DDEBUG -DSTM32 -DSTM32L073RZTx -DSTM32L0 -c -I../Inc -I"D:/Nucleo_Workspace/STM32L0_headers/CMSIS/Device/ST/STM32L0xx/Include" -I"D:/Nucleo_Workspace/STM32L0_headers/CMSIS/Include" -O0 -ffunction-sections -fdata-sections -Wall -fstack-usage -fcyclomatic-complexity -MMD -MP -MF"Src/main.d" -MT"Src/main.o" --specs=nano.specs -mfloat-abi=soft -mthumb -o "Src/main.o"
arm-none-eabi-gcc -o "9_ADC_single_conversion.elf" @"objects.list"   -mcpu=cortex-m0plus -T"D:\Nucleo_Workspace\9_ADC_single_conversion\STM32L073RZTX_FLASH.ld" --specs=nosys.specs -Wl,-Map="9_ADC_single_conversion.map" -Wl,--gc-sections -static --specs=nano.specs -mfloat-abi=soft -mthumb -Wl,--start-group -lc -lm -Wl,--end-group
Finished building target: 9_ADC_single_conversion.elf
 
arm-none-eabi-size   9_ADC_single_conversion.elf 
arm-none-eabi-objdump -h -S  9_ADC_single_conversion.elf  > "9_ADC_single_conversion.list"
   text	   data	    bss	    dec	    hex	filename
   1092	      8	   1568	   2668	    a6c	9_ADC_single_conversion.elf
Finished building: default.size.stdout
 
Finished building: 9_ADC_single_conversion.list
 

16:32:41 Build Finished. 0 errors, 0 warnings. (took 499ms)

